// Vitest Snapshot v1, https://vitest.dev/guide/snapshot.html

exports[`MessageFormatter Enhanced Tests > Snapshot Testing > should produce consistent snapshots for general stats formatting > general-stats-format 1`] = `
"📊 <b>Общая статистика чата</b>

<b>Всего нарушений:</b> 50
<b>Средняя серьезность:</b> 6.8/10

<b>Общий уровень риска:</b> 🔴 Высокий

<b>🏆 Топ-5 самых частых нарушений:</b>
🥇 <b>Статья 282 УК РФ</b> 20 раз 🟡 (ср. 6.5)
   <i>Возбуждение ненависти либо вражды</i>
   <b>Наказание:</b> штраф в размере до трехсот тысяч рублей
🥈 <b>Статья 205.1 УК РФ</b> 15 раз 🔴 (ср. 8.8)
   <i>Терроризм</i>
   <b>Наказание:</b> лишение свободы на срок до 15 лет
🥉 <b>Статья 130 УК РФ</b> 10 раз 🟡 (ср. 4.2)
   <i>Оскорбление</i>
   <b>Наказание:</b> штраф в размере до сорока тысяч рублей

<b>👤 Топ-5 пользователей с наибольшим количеством нарушений:</b>
🥇 <b>@testuserXXX</b>: 12 нарушений, риск: 🔴 Высокий (ср. 7.2)
🥈 <b>@testuserXXX</b>: 8 нарушений, риск: 🟡 Средний (ср. 5.5)
🥉 <b>ID: userXXX</b>: 6 нарушений, риск: 🟢 Низкий (ср. 4.0)

🚨 <b>Критические нарушения (серьезность ≥ 8):</b>
🔴 <b>Статья 205 УК РФ</b> серьезность 9/10
   <i>"Критическое нарушение высокой степени опасности"</i>"
`;

exports[`MessageFormatter Enhanced Tests > Snapshot Testing > should produce consistent snapshots for user stats formatting > user-stats-format 1`] = `
"📊 <b>Статистика пользователя</b>

<b>Всего нарушений:</b> 5
<b>Средняя серьезность:</b> 6.2/10
<b>Уровень риска:</b> 🟡 Средний

<b>Последнее нарушение:</b> DD.MM.YYYY
<b>Наиболее частое нарушение:</b> 282

<b>Нарушения по статьям УК РФ:</b>
• <b>Статья 282 УК РФ</b> 3 раз 🟡 (ср. 6.5)
  <i>Возбуждение ненависти либо вражды</i>
  <b>Наказание:</b> штраф в размере до трехсот тысяч рублей
• <b>Статья 205.1 УК РФ</b> 2 раз 🔴 (ср. 8.0)
  <i>Терроризм</i>
  <b>Наказание:</b> лишение свободы на срок до 15 лет"
`;

exports[`MessageFormatter Enhanced Tests > Snapshot Testing > should produce consistent snapshots for violation formatting > violation-format 1`] = `
"🔴 <b>Статья 282 УК РФ</b>

<b>Цитата из текста:</b>
<i>"Тестовая цитата с нарушением"</i>

<b>Наказание:</b>
штраф в размере до трехсот тысяч рублей

<b>Уровень серьезности:</b> 7/10 🔴
<b>Уровень доверия:</b> 85%"
`;
